S005 Cambridge 105 …
   → ok 22 30 
S047 talks.cam …
   → ok 62 0 
S042 ADC Theatre (Camdram) …
   → ok 27 0 
S018 Cambridge United (fixtur.es) …
   → ok 188 0 
S032 Cambridge Beer Festival …
   → FAIL   FetchError: RemoteProtocolError: Server disconnected without sending a response.
S003 Cambridge Independent …
   → ok 0 20 
S004 Cambridge News …
   → ok 0 35 
S002 What's On In Cambridge …
   → ok 0 10 
S087 The Cambridge Foodies …
   → ok 0 10 
S050 Fitzwilliam Museum …
   → ok 0 20 
S038 Mill Road Winter Fair …
   → ok 1 0 
S006 Ents24 …
   → ok 37 0 
S007 Skiddle …
   → ok 49 0 
S021 Newmarket Racecourses …
   → ok 14 0 
S011 Cambridge Corn Exchange …
   → ok 74 0 
S033 Strawberry Fair …
   → ok 1 0 
S072 Cambridge City Events …
   → ok 4 0 
S008 Eventbrite …
   → ok 99 0 
S091 Cambridge Live Tickets …
   → ok 92 0 
S092 Cambridge Independent — News/Business …
   → ok 0 36 
S093 Cambridge News — Food & Drink/Shopping …
   → ok 0 8 
S094 Grand Arcade — магазины …
   → ok 0 0 
S095 Lion Yard — магазины …
   → ok 0 0 
S096 The Grafton — магазины …
   → ok 0 0 
S097 Cambridge BID — новости …
   → ok 0 20 
